
// File generated by darts version V-2024.06#8be6237c82#250729, Mon Jun 29 19:55:39 2026
// Copyright 2014-2024 Synopsys, Inc. All rights reserved.
// darts -I/home/bcloud/torch2aie/toolchain/aietools/data/aie2p/lib -d -h -I/home/bcloud/torch2aie/toolchain/aietools/include -I/home/bcloud/torch2aie/toolchain/aietools/include/aie_api -I/home/bcloud/torch2aie/toolchain/aietools/data/aie2p/lib/runtime_cxx/libcxx-lite/include -I/home/bcloud/torch2aie/toolchain/aietools/data/aie2p/lib/runtime_cxx/libs/libcxx-16/include -I/home/bcloud/torch2aie/toolchain/aietools/data/aie2p/lib/runtime_cxx/libs/libcxxabi-16/include -I/home/bcloud/torch2aie/toolchain/aietools/data/aie2p/lib/runtime/include -D__AIENGINE__ -D__AIE_ARCH__=21 -D__AIEARCH__=21 -D__tct_tgt__=250729 -L +Ihex +nanno mm_bf16.o me

// Release: ipp V-2024.06-TGT-250729
.data_segment_name
.bss global 4 g_counter DMb 8

.undef global data _ZN12me_primitive11control_satE

.undef global data _ZN12me_primitive11control_rndE

.text_segment_name
.text weak 16 _Z27matmul_vectorized_bf16_implILj128ELj64ELj128ELj8ELj8ELj4EEvPK8bfloat16S2_PS0_
.function_start
	     0    0x00 0x00                                                                        NOPX
	     2    0x03 0xbd 0x00 0x00 0x00 0x01 0xb0 0x00 0x10 0xba                                MOVA r29, #29;                                                                            MOVXM p3, #_ZN12me_primitive11control_rndE
	    12    0x60 0xcc 0x50 0x00 0x00 0x00 0x78 0x40 0x10 0xba                                LDA.s8 r19, [p3];                                                                         MOVXM ls, #(ZLS_F_Z27matmul_vectorized_bf16_implILj128ELj64ELj128ELj8ELj8ELj4EEvPK8bfloat16S2_PS0__128 + 0)
	    22    0x00 0xe0 0x00 0x00 0x00 0x01 0xb9 0x50 0x10 0xba                                MOVA r0, #7;                                                                              MOVXM le, #(ZLE_F_Z27matmul_vectorized_bf16_implILj128ELj64ELj128ELj8ELj8ELj4EEvPK8bfloat16S2_PS0__672 + 0)
	    32    0x00 0x26 0x00 0x00 0x18 0x00 0x00 0x00 0x70 0xba                                MOVA r6, #1;                                                                              PADDXM [sp], #768
	    42    0x00 0x07 0x00 0x00 0x47 0x88 0x6f 0x60 0x78 0xba                                MOVA r7, #0;                                                                              MOVX r4, #60;                 MOV r3, p7
	    52    0x00 0x45 0x00 0x00 0x00 0x00 0x84 0x00 0x10 0xba                                MOVA r5, #2;                                                                              MOVXM m1, #2048
	    62    0x00 0x71 0x00 0x3f 0xff 0xf1 0x00 0x00 0x10 0xba                                MOVA r17, #3;                                                                             MOVXM m2, #-16384
	    72    0xfa 0x00 0x80 0x00 0x00 0x03 0xb0 0x30 0x10 0xba                                MOVA m0, #-48;                                                                            MOVXM p7, #(TGT_F_Z27matmul_vectorized_bf16_implILj128ELj64ELj128ELj8ELj8ELj4EEvPK8bfloat16S2_PS0__96 + 0)
	    82    0x06 0xb2 0x00 0x00 0x24 0xfa 0x80 0x41 0x06 0x8b 0x00 0x2b 0x60 0x7e            MOVA r18, #53;                NOPB;                         NOPS;                         MOVX crRnd, r19;              MOV r16, #52
.label TGT_F_Z27matmul_vectorized_bf16_implILj128ELj64ELj128ELj8ELj8ELj4EEvPK8bfloat16S2_PS0__96
.loop_nesting 1
	    96    0x49 0x8c 0xf0 0x5f 0x23 0x88 0x8b 0x00 0x09 0x0a 0x30 0x60 0x78 0x00 0x00 0xe1  PADDA [p2], #256;             PADDB [p0], #128;             MOVS p3, p2;                  MOVX lc, #8;                  MOV p4, p0;                             NOPV
	   112    0x00 0x13 0x00 0x00 0x20 0x01 0x5b 0x01 0x47 0xaa 0xb0 0x60 0x78 0x00 0x00 0xe1  MOVA r19, #0;                 NOPB;                         NOPS;                         MOVX r20, #61;                MOV p5, p0;                             NOPV
.label ZLS_F_Z27matmul_vectorized_bf16_implILj128ELj64ELj128ELj8ELj8ELj4EEvPK8bfloat16S2_PS0__128
.loop_nesting 2
.begin_of_loop
	   128    0x25 0x5b 0x7a 0x38 0x68 0x3c                                                    VLDA x11, [p1], m1;           VLDB x0, [p5], #64
	   134    0x83 0x93 0x7a 0x10 0xe8 0x3c                                                    VLDA x2, [p4], #64;           VLDB x1, [p5], m0
	   140    0x3c 0x08 0xf4 0x18                                                                                            VLDB x3, [p4], m0
	   144    0x00 0x00                                                                        NOPX
	   146    0x00 0x00                                                                        NOPX
	   148    0x00 0x00                                                                        NOPX
	   150    0x00 0x00                                                                        NOPX
	   152    0x00 0x00                                                                        NOPX
	   154    0x1b 0xa2 0x92 0xf8                                                                                                                                                                                      VMOV x7, x1
.aggressive_scheduled_block_id 1
.aggressive_scheduled_block_id first
	   158    0x1a 0x83 0xc8 0x78                                                                                                                                                                                      VSHUFFLE x5, x0, x7, r18
.aggressive_scheduled_block_id 1
.noswbrkpt
	   162    0x18 0xdb 0x1b 0x58                                                                                                                                                                                      VEXTBCST.64 x1, x11, #6
.aggressive_scheduled_block_id 1
.nohwbrkpt
.noswbrkpt
	   166    0x1b 0x29 0x83 0x78                                                                                                                                                                                      VEXTBCSTSHFL.128 x6, x5, r6, r29
.aggressive_scheduled_block_id 1
.nohwbrkpt
.noswbrkpt
	   170    0xfe 0x8e 0x60 0x01 0x96 0x21 0xb0 0x02                                                                                                      VST x1, [sp, #-192];                                        VEXTBCSTSHFL.128 x6, x5, r17, r29
.aggressive_scheduled_block_id 1
.nohwbrkpt
.noswbrkpt
	   178    0xff 0x36 0x60 0x01 0x81 0xe0 0x30 0x02                                                                                                      VST x6, [sp, #-128];                                        VSHUFFLE x6, x0, x7, r16
.aggressive_scheduled_block_id 1
.aggressive_scheduled_block_id last
.nohwbrkpt
.noswbrkpt
	   186    0xff 0xb6 0x60 0x02 0x53 0x49 0x70 0x02                                                                                                      VST x6, [sp, #-64];                                         VMOV x9, x3
	   194    0x1a 0x14 0xc0 0x78                                                                                                                                                                                      VSHUFFLE x4, x2, x9, r16
	   198    0x1c 0x94 0xc8 0x78                                                                                                                                                                                      VSHUFFLE x9, x2, x9, r18
	   202    0x19 0xa9 0xc3 0x78                                                                                                                                                                                      VEXTBCSTSHFL.128 x3, x5, r7, r29
.aggressive_scheduled_block_id 2
.aggressive_scheduled_block_id first
	   206    0x18 0xb4 0x43 0x78                                                                                                                                                                                      VEXTBCSTSHFL.128 x1, x6, r17, r29
.aggressive_scheduled_block_id 2
.noswbrkpt
	   210    0xfd 0x1e 0x60 0x00 0x64 0xc1 0xb0 0x02                                                                                                      VST x3, [sp, #-384];                                        VEXTBCSTSHFL.128 x1, x9, r6, r29
.aggressive_scheduled_block_id 2
.aggressive_scheduled_block_id last
.nohwbrkpt
.noswbrkpt
	   218    0xfb 0x0e 0x60 0x00 0xd8 0xa1 0xb0 0x02                                                                                                      VST x1, [sp, #-640];                                        VEXTBCSTSHFL.128 x3, x6, r5, r29
	   226    0xfb 0x8e 0x60 0x00 0x66 0x21 0xb0 0x02                                                                                                      VST x1, [sp, #-576];                                        VEXTBCSTSHFL.128 x1, x9, r17, r29
	   234    0xfa 0x9e 0x60 0x00 0xe4 0xa1 0xb0 0x02                                                                                                      VST x3, [sp, #-704];                                        VEXTBCSTSHFL.128 x3, x9, r5, r29
	   242    0xfe 0x0e 0x60 0x02 0x10 0xe1 0xb0 0x02                                                                                                      VST x1, [sp, #-256];                                        VEXTBCSTSHFL.128 x8, x4, r7, r29
	   250    0xfc 0x1e 0x60 0x00 0xed 0x8f 0xa0 0x02                                                                                                      VST x3, [sp, #-512];                                        VEXTBCST.64 x3, x11, #7
	   258    0xfa 0x46 0x60 0x00 0x54 0xa1 0xb0 0x02                                                                                                      VST x8, [sp, #-768];                                        VEXTBCSTSHFL.128 x1, x5, r5, r29
	   266    0xfd 0x9e 0x60 0x00 0x2d 0x89 0xa0 0x02                                                                                                      VST x3, [sp, #-320];                                        VEXTBCST.64 x0, x11, #4
	   274    0xfc 0x8e 0x60 0x01 0xed 0x8b 0xa0 0x02                                                                                                      VST x1, [sp, #-448];                                        VEXTBCST.64 x7, x11, #5
	   282    0x1a 0xdb 0x0b 0x58                                                                                                                                                                                      VEXTBCST.64 x5, x11, #2
	   286    0x19 0xdb 0x07 0x58                                                                                                                                                                                      VEXTBCST.64 x3, x11, #1
	   290    0x18 0xdb 0x0f 0x58                                                                                                                                                                                      VEXTBCST.64 x1, x11, #3
	   294    0x19 0x21 0x83 0x78                                                                                                                                                                                      VEXTBCSTSHFL.128 x2, x4, r6, r29
	   298    0x1c 0x24 0x43 0x78                                                                                                                                                                                      VEXTBCSTSHFL.128 x8, x4, r17, r29
	   302    0x98 0x01 0x08 0x40 0x01 0x84                                                                                                                                              JNZ r19, #TGT_F_Z27matmul_vectorized_bf16_implILj128ELj64ELj128ELj8ELj8ELj4EEvPK8bfloat16S2_PS0__528
.delay_slot
	   308    0x1a 0x21 0x43 0x78                                                                                                                                                                                      VEXTBCSTSHFL.128 x4, x4, r5, r29
.delay_slot
	   312    0x1d 0x31 0x83 0x78                                                                                                                                                                                      VEXTBCSTSHFL.128 x10, x6, r6, r29
.delay_slot
	   316    0x1b 0x31 0xc3 0x78                                                                                                                                                                                      VEXTBCSTSHFL.128 x6, x6, r7, r29
.delay_slot
	   320    0x1c 0xc9 0xc3 0x78                                                                                                                                                                                      VEXTBCSTSHFL.128 x9, x9, r7, r29
.delay_slot
.aggressive_scheduled_block_id 3
.aggressive_scheduled_block_id first
	   324    0x1d 0xdb 0x03 0x58                                                                                                                                                                                      VEXTBCST.64 x11, x11, #0
.aggressive_scheduled_block_id 3
.noswbrkpt
	   328    0x07 0xd1 0xbb 0x98                                                              VLDA x6, [sp, #-768]
.aggressive_scheduled_block_id 3
.nohwbrkpt
.noswbrkpt
	   332    0xfa 0xdf 0x70 0x04 0x20 0xed 0x61 0x62                                          VLDA x11, [sp, #-704];                                                                                                                                          VMUL.f dm0, x6, x11, r4
.aggressive_scheduled_block_id 3
.nohwbrkpt
.noswbrkpt
	   340    0x07 0xda 0xbb 0x98                                                              VLDA x10, [sp, #-640]
.aggressive_scheduled_block_id 3
.nohwbrkpt
.noswbrkpt
	   344    0x07 0xe9 0xbb 0x98                                                              VLDA x6, [sp, #-384]
.aggressive_scheduled_block_id 3
.nohwbrkpt
.noswbrkpt
	   348    0xfc 0x5f 0x70 0x04 0x20 0x14 0x61 0x62                                          VLDA x11, [sp, #-512];                                                                                                                                          VMAC.f dm0, dm0, x10, x3, r4
.aggressive_scheduled_block_id 3
.nohwbrkpt
.noswbrkpt
	   356    0x00 0x00                                                                        NOPX
.aggressive_scheduled_block_id 3
.nohwbrkpt
.noswbrkpt
	   358    0x00 0x00                                                                        NOPX
.aggressive_scheduled_block_id 3
.nohwbrkpt
.noswbrkpt
	   360    0x21 0xed 0x61 0x48                                                                                                                                                                                                                              VMUL.f dm1, x6, x11, r4
.aggressive_scheduled_block_id 3
.nohwbrkpt
.noswbrkpt
	   364    0xfe 0x37 0x70 0x04 0x20 0x16 0xa1 0x62                                          VLDA x6, [sp, #-256];                                                                                                                                           VMAC.f dm0, dm0, x11, x5, r4
.aggressive_scheduled_block_id 3
.nohwbrkpt
.noswbrkpt
	   372    0x00 0x00                                                                        NOPX
.aggressive_scheduled_block_id 3
.nohwbrkpt
.noswbrkpt
	   374    0xff 0x1f 0x70 0x04 0x21 0x24 0x61 0x62                                          VLDA x3, [sp, #-128];                                                                                                                                           VMAC.f dm1, dm1, x2, x3, r4
.aggressive_scheduled_block_id 3
.nohwbrkpt
.noswbrkpt
	   382    0x20 0x14 0x21 0x48                                                                                                                                                                                                                              VMAC.f dm0, dm0, x10, x1, r4
.aggressive_scheduled_block_id 3
.nohwbrkpt
.noswbrkpt
	   386    0x07 0xf5 0x7b 0x98                                                              VLDA x5, [sp, #-192]
.aggressive_scheduled_block_id 3
.nohwbrkpt
.noswbrkpt
	   390    0xfc 0xa7 0x70 0x04 0x21 0x28 0xa1 0x62                                          VLDA x4, [sp, #-448];                                                                                                                                           VMAC.f dm1, dm1, x4, x5, r4
.aggressive_scheduled_block_id 3
.nohwbrkpt
.noswbrkpt
	   398    0xfb 0x97 0x70 0x04 0x20 0x0c 0x01 0x62                                          VLDA x2, [sp, #-576];                                                                                                                                           VMAC.f dm0, dm0, x6, x0, r4
.aggressive_scheduled_block_id 3
.noswbrkpt
	   406    0x07 0xee 0x3b 0x98                                                              VLDA x8, [sp, #-320]
.aggressive_scheduled_block_id 3
.aggressive_scheduled_block_id last
.nohwbrkpt
.noswbrkpt
	   410    0xff 0x8f 0x70 0x04 0x21 0x30 0x21 0x62                                          VLDA x1, [sp, #-64];                                                                                                                                            VMAC.f dm1, dm1, x8, x1, r4
	   418    0x20 0x06 0xe1 0x48                                                                                                                                                                                                                              VMAC.f dm0, dm0, x3, x7, r4
	   422    0x00 0x00                                                                        NOPX
	   424    0x21 0x32 0x01 0x48                                                                                                                                                                                                                              VMAC.f dm1, dm1, x9, x0, r4
	   428    0x20 0x08 0xa1 0x48                                                                                                                                                                                                                              VMAC.f dm0, dm0, x4, x5, r4
	   432    0x00 0x00                                                                        NOPX
	   434    0x21 0x24 0xe1 0x48                                                                                                                                                                                                                              VMAC.f dm1, dm1, x2, x7, r4
	   438    0x00 0x00 0x0a 0x40 0x00 0x04 0x20 0x03 0x01 0x5a                                                                                                                          J #TGT_F_Z27matmul_vectorized_bf16_implILj128ELj64ELj128ELj8ELj8ELj4EEvPK8bfloat16S2_PS0__656;VMAC.f dm0, dm0, x1, x8, r4
.delay_slot
.swstall delay_slot
	   448    0x00 0x2c 0xf0 0x00 0x20 0x01 0x5b 0x00 0x00 0x00 0x01 0xa5 0x78 0x00 0x00 0xe1  NOPA;                         NOPB;                         NOPS;                         NOPX;                         NOPM;                                   NOPV
.delay_slot
	   464    0x00 0x2c 0xf0 0x00 0x20 0x01 0x5b 0x00 0x00 0x00 0x01 0xa5 0x79 0x09 0xb5 0x0b  NOPA;                         NOPB;                         NOPS;                         NOPX;                         NOPM;                                   VMAC.f dm1, dm1, x11, x5, r4
.delay_slot
.swstall delay_slot
	   480    0x00 0x2c 0xf0 0x00 0x20 0x01 0x5b 0x00 0x00 0x00 0x01 0xa5 0x78 0x00 0x00 0xe1  NOPA;                         NOPB;                         NOPS;                         NOPX;                         NOPM;                                   NOPV
.delay_slot
.swstall delay_slot
	   496    0x00 0x2c 0xf0 0x00 0x20 0x01 0x5b 0x00 0x00 0x00 0x01 0xa5 0x78 0x00 0x00 0xe1  NOPA;                         NOPB;                         NOPS;                         NOPX;                         NOPM;                                   NOPV
.delay_slot
.aggressive_scheduled_block_id 4
.aggressive_scheduled_block_id first
	   512    0x00 0x2c 0xf0 0x00 0x20 0x01 0x5b 0x00 0x00 0x00 0x01 0xa5 0x79 0x09 0x68 0x0b  NOPA;                         NOPB;                         NOPS;                         NOPX;                         NOPM;                                   VMAC.f dm1, dm1, x6, x8, r4
.label TGT_F_Z27matmul_vectorized_bf16_implILj128ELj64ELj128ELj8ELj8ELj4EEvPK8bfloat16S2_PS0__528
.aggressive_scheduled_block_id 4
.noswbrkpt
	   528    0x07 0xd1 0xbb 0x98                                                              VLDA x6, [sp, #-768]
.aggressive_scheduled_block_id 4
.nohwbrkpt
.noswbrkpt
	   532    0xfa 0xb7 0x70 0x04 0xa0 0x0d 0x61 0x62                                          VLDA x6, [sp, #-704];                                                                                                                                           VMAC.f dm0, dm0, x6, x11, r20
.aggressive_scheduled_block_id 4
.nohwbrkpt
.noswbrkpt
	   540    0x07 0xea 0xbb 0x98                                                              VLDA x10, [sp, #-384]
.aggressive_scheduled_block_id 4
.nohwbrkpt
.noswbrkpt
	   544    0x07 0xfd 0xbb 0x98                                                              VLDA x6, [sp, #-64]
.aggressive_scheduled_block_id 4
.nohwbrkpt
.noswbrkpt
	   548    0xfb 0x5f 0x70 0x04 0x20 0x14 0x61 0x62                                          VLDA x11, [sp, #-640];                                                                                                                                          VMAC.f dm0, dm0, x10, x3, r4
.aggressive_scheduled_block_id 4
.nohwbrkpt
.noswbrkpt
	   556    0x07 0xf6 0xfb 0x98                                                              VLDA x11, [sp, #-192]
.aggressive_scheduled_block_id 4
.nohwbrkpt
.noswbrkpt
	   560    0x00 0x00                                                                        NOPX
.aggressive_scheduled_block_id 4
.nohwbrkpt
.noswbrkpt
	   562    0xa1 0x2d 0x61 0x48                                                                                                                                                                                                                              VMAC.f dm1, dm1, x6, x11, r20
.aggressive_scheduled_block_id 4
.nohwbrkpt
.noswbrkpt
	   566    0x20 0x0c 0xa1 0x48                                                                                                                                                                                                                              VMAC.f dm0, dm0, x6, x5, r4
.aggressive_scheduled_block_id 4
.nohwbrkpt
.noswbrkpt
	   570    0x00 0x00                                                                        NOPX
.aggressive_scheduled_block_id 4
.nohwbrkpt
.noswbrkpt
	   572    0xff 0x2f 0x70 0x04 0x21 0x24 0x61 0x62                                          VLDA x5, [sp, #-128];                                                                                                                                           VMAC.f dm1, dm1, x2, x3, r4
.aggressive_scheduled_block_id 4
.nohwbrkpt
.noswbrkpt
	   580    0x20 0x16 0x21 0x48                                                                                                                                                                                                                              VMAC.f dm0, dm0, x11, x1, r4
.aggressive_scheduled_block_id 4
.nohwbrkpt
.noswbrkpt
	   584    0x00 0x00                                                                        NOPX
.aggressive_scheduled_block_id 4
.aggressive_scheduled_block_id last
.nohwbrkpt
.noswbrkpt
	   586    0xfc 0xa7 0x70 0x04 0x21 0x28 0xa1 0x62                                          VLDA x4, [sp, #-448];                                                                                                                                           VMAC.f dm1, dm1, x4, x5, r4
	   594    0xfb 0x9f 0x70 0x04 0x20 0x14 0x01 0x62                                          VLDA x3, [sp, #-576];                                                                                                                                           VMAC.f dm0, dm0, x10, x0, r4
	   602    0x00 0x00                                                                        NOPX
	   604    0xfd 0x8f 0x70 0x04 0x21 0x30 0x21 0x62                                          VLDA x1, [sp, #-320];                                                                                                                                           VMAC.f dm1, dm1, x8, x1, r4
	   612    0x20 0x0a 0xe1 0x48                                                                                                                                                                                                                              VMAC.f dm0, dm0, x5, x7, r4
	   616    0x07 0xe0 0xbb 0x98                                                              VLDA x2, [sp, #-512]
	   620    0x21 0x32 0x01 0x48                                                                                                                                                                                                                              VMAC.f dm1, dm1, x9, x0, r4
	   624    0x20 0x09 0x61 0x48                                                                                                                                                                                                                              VMAC.f dm0, dm0, x4, x11, r4
	   628    0x07 0xf2 0x3b 0x98                                                              VLDA x8, [sp, #-256]
	   632    0x21 0x26 0xe1 0x48                                                                                                                                                                                                                              VMAC.f dm1, dm1, x3, x7, r4
	   636    0x20 0x0c 0x21 0x48                                                                                                                                                                                                                              VMAC.f dm0, dm0, x6, x1, r4
	   640    0x00 0x00                                                                        NOPX
	   642    0x21 0x25 0x61 0x48                                                                                                                                                                                                                              VMAC.f dm1, dm1, x2, x11, r4
	   646    0x00 0x00                                                                        NOPX
	   648    0x00 0x01 0x67 0x98                                                              NOPA
	   652    0x21 0x30 0x21 0x48                                                                                                                                                                                                                              VMAC.f dm1, dm1, x8, x1, r4
.label TGT_F_Z27matmul_vectorized_bf16_implILj128ELj64ELj128ELj8ELj8ELj4EEvPK8bfloat16S2_PS0__656
	   656    0x00 0x2c 0xf0 0x00 0x20 0x01 0x5b 0x27 0x30 0x3a 0x88 0x3c 0x58 0x00 0x00 0xe1  NOPA;                         NOPB;                         NOPS;                         ADD r19, r19, #1;             MOV r20, #60;                           NOPV
.label ZLE_F_Z27matmul_vectorized_bf16_implILj128ELj64ELj128ELj8ELj8ELj4EEvPK8bfloat16S2_PS0__672
.end_of_loop
.swstall jump_to_loop_end
	   672    0x00 0x2c 0xf0 0x00 0x20 0x01 0x5b 0x00 0x00 0x00 0x01 0xa5 0x78 0x00 0x00 0xe1  NOPA;                         NOPB;                         NOPS;                         NOPX;                         NOPM;                                   NOPV
.loop_nesting 1
	   688    0x05 0x8c 0xf2 0x97 0x20 0x01 0xe0 0x12                                          PADDA [p0], #128;             PADDB [p1], m2;                                             JNZD r0, r0, p7
.delay_slot
	   696    0x0a 0x4c 0x23 0x18                                                                                                                          VST.CONV.bf16.fp32 cml0, [p2], #256
.delay_slot
.swstall delay_slot
	   700    0x00 0x00                                                                        NOPX
.delay_slot
.swstall delay_slot
	   702    0x00 0x00                                                                        NOPX
.delay_slot
	   704    0x0b 0x04 0xa3 0x18                                                                                                                          VST.CONV.bf16.fp32 cml1, [p3]
.delay_slot
.swstall delay_slot
	   708    0x00 0x00                                                                        NOPX
.loop_nesting 0
	   710    0x10 0x28 0x00 0x18                                                                                                                                                        RET lr
.delay_slot
	   714    0xff 0xa0 0x00 0x00 0x01 0xc4                                                                                                                                              PADDXM [sp], #-768
.delay_slot
	   720    0x1f 0x61 0xa0 0xf8                                                                                                                                                                                      MOV p7, r3
.delay_slot
.swstall delay_slot
	   724    0x00 0x00                                                                        NOPX
.delay_slot
.swstall delay_slot
	   726    0x00 0x00                                                                        NOPX
.label _Z27matmul_vectorized_bf16_implILj128ELj64ELj128ELj8ELj8ELj4EEvPK8bfloat16S2_PS0___end last
.delay_slot
.swstall delay_slot
	   728    0x00 0x00                                                                        NOPX

.undef global data _ZN12me_primitive11control_rndE

.text_segment_name
.text global 10 matmul_vectorized_bf16
.tail_call
.function_start
	     0    0x00 0x00 0x00 0x00 0x00 0x84                                                                                                                                              J #_Z27matmul_vectorized_bf16_implILj128ELj64ELj128ELj8ELj8ELj4EEvPK8bfloat16S2_PS0_
.delay_slot
.swstall delay_slot
	     6    0x00 0x00                                                                        NOPX
.delay_slot
.swstall delay_slot
	     8    0x00 0x00                                                                        NOPX
.delay_slot
.swstall delay_slot
	    10    0x00 0x00                                                                        NOPX
.delay_slot
.swstall delay_slot
	    12    0x00 0x00                                                                        NOPX
.label matmul_vectorized_bf16__end last
.delay_slot
.swstall delay_slot
	    14    0x00 0x00                                                                        NOPX

.undef global text _Z27matmul_vectorized_bf16_implILj128ELj64ELj128ELj8ELj8ELj4EEvPK8bfloat16S2_PS0_

.text_segment_name
.text global 10 zero_kernel_bf16
.tail_call
.function_start
	     0    0x00 0x00 0x00 0x00 0x00 0x00 0x00 0x00 0x20 0xba                                MOVA r0, #0;                                                                              J #memset
.delay_slot
	    10    0x00 0x00 0x80 0xa0 0x00 0x44                                                                                                                                              MOVXM r1, #32768
.delay_slot
	    16    0x19 0x60 0xc0 0xf8                                                                                                                                                                                      MOV p1, p0
.delay_slot
.swstall delay_slot
	    20    0x00 0x00                                                                        NOPX
.delay_slot
.swstall delay_slot
	    22    0x00 0x00                                                                        NOPX
.label zero_kernel_bf16__end last
.delay_slot
.swstall delay_slot
	    24    0x00 0x00                                                                        NOPX

.undef global text memset



.direct_eval +,-,(,)
