
// File generated by darts version V-2024.06#8be6237c82#250729, Sun Jun 28 17:43:47 2026
// Copyright 2014-2024 Synopsys, Inc. All rights reserved.
// darts -I/home/bcloud/torch2aie/toolchain/aietools/data/aie2p/lib -d -h -I/home/bcloud/torch2aie/toolchain/aietools/include -I/home/bcloud/torch2aie/toolchain/aietools/data/aie2p/lib/runtime_cxx/libcxx-lite/include -I/home/bcloud/torch2aie/toolchain/aietools/data/aie2p/lib/runtime_cxx/libs/libcxx-16/include -I/home/bcloud/torch2aie/toolchain/aietools/data/aie2p/lib/runtime_cxx/libs/libcxxabi-16/include -I/home/bcloud/torch2aie/toolchain/aietools/data/aie2p/lib/runtime/include -D__AIENGINE__ -D__AIE_ARCH__=21 -D__AIEARCH__=21 -D__tct_tgt__=250729 -L +Ihex +nanno qwen3_q4nx_q.mlir.prj/main_core_2_2.o me

// Release: ipp V-2024.06-TGT-250729
.undef global data _ZN12me_primitive11control_satE

.undef global data _ZN12me_primitive11control_rndE

.undef global data main_chunk_pong

.undef global data main_chunk_ping

.undef global data main_record_pong

.undef global data main_wt_pong

.undef global data main_record_ping

.undef global data main_wt_ping

.text_segment_name
.text global 16 core_2_2
.function_start
	     0    0x00 0x01 0x00 0x00 0x00 0x00 0x30 0x00 0x10 0xba                                MOVA r1, #0;                                                                              MOVXM p0, #main_wt_ping
.tail_call
	    10    0x04 0x02 0x00 0x00 0x00 0x00 0x00 0x00 0x20 0xba                                MOVA r2, #32;                                                                             J #q4nx_main16_layer_scheduler
.delay_slot
	    20    0x00 0x23 0x00 0x00 0x00 0x00 0xb0 0x00 0x10 0xba                                MOVA r3, #1;                                                                              MOVXM p1, #main_wt_pong
.delay_slot
	    30    0x00 0x00 0x00 0x00 0x00 0x01 0x30 0x00 0x10 0xba                                MOVA r0, #0;                                                                              MOVXM p2, #main_chunk_ping
.delay_slot
	    40    0x00 0x00 0x06 0xc0 0x00 0x44                                                                                                                                              MOVXM p3, #main_chunk_pong
.delay_slot
	    46    0x00 0x00 0x08 0xc0 0x00 0x44                                                                                                                                              MOVXM p4, #main_record_ping
.label core_2_2__end last
.delay_slot
	    52    0x00 0x00 0x0a 0xc0 0x00 0x44                                                                                                                                              MOVXM p5, #main_record_pong

.undef global data main_wt_ping

.undef global data main_wt_pong

.undef global data main_chunk_ping

.undef global data main_chunk_pong

.undef global data main_record_ping

.undef global data main_record_pong

.undef global text q4nx_main16_layer_scheduler

.text_segment_name
.text global 10 llvm___aie2p___acquire
.function_start
	     0    0x10 0x12 0x18 0x18                                                                                                                                                        ACQ r0, r1
	     4    0x10 0x28 0x00 0x18                                                                                                                                                        RET lr
.delay_slot
.swstall delay_slot
	     8    0x00 0x00                                                                        NOPX
.delay_slot
.swstall delay_slot
	    10    0x00 0x00                                                                        NOPX
.delay_slot
.swstall delay_slot
	    12    0x00 0x00                                                                        NOPX
.delay_slot
.swstall delay_slot
	    14    0x00 0x00                                                                        NOPX
.label llvm___aie2p___acquire__end last
.delay_slot
.swstall delay_slot
	    16    0x00 0x00                                                                        NOPX

.text_segment_name
.text global 10 llvm___aie2p___release
.function_start
	     0    0x10 0x10 0x18 0x18                                                                                                                                                        REL r0, r1
	     4    0x10 0x28 0x00 0x18                                                                                                                                                        RET lr
.delay_slot
.swstall delay_slot
	     8    0x00 0x00                                                                        NOPX
.delay_slot
.swstall delay_slot
	    10    0x00 0x00                                                                        NOPX
.delay_slot
.swstall delay_slot
	    12    0x00 0x00                                                                        NOPX
.delay_slot
.swstall delay_slot
	    14    0x00 0x00                                                                        NOPX
.label llvm___aie2p___release__end last
.delay_slot
.swstall delay_slot
	    16    0x00 0x00                                                                        NOPX

.text_segment_name
.text global 10 llvm___aie___event0
.function_start
	     0    0x10 0x28 0x00 0x18                                                                                                                                                        RET lr
.delay_slot
	     4    0x10 0x10 0x00 0x18                                                                                                                                                        EVENT #0
.delay_slot
.swstall delay_slot
	     8    0x00 0x00                                                                        NOPX
.delay_slot
.swstall delay_slot
	    10    0x00 0x00                                                                        NOPX
.delay_slot
.swstall delay_slot
	    12    0x00 0x00                                                                        NOPX
.label llvm___aie___event0__end last
.delay_slot
.swstall delay_slot
	    14    0x00 0x00                                                                        NOPX

.text_segment_name
.text global 10 llvm___aie___event1
.function_start
	     0    0x10 0x28 0x00 0x18                                                                                                                                                        RET lr
.delay_slot
	     4    0x12 0x10 0x00 0x18                                                                                                                                                        EVENT #1
.delay_slot
.swstall delay_slot
	     8    0x00 0x00                                                                        NOPX
.delay_slot
.swstall delay_slot
	    10    0x00 0x00                                                                        NOPX
.delay_slot
.swstall delay_slot
	    12    0x00 0x00                                                                        NOPX
.label llvm___aie___event1__end last
.delay_slot
.swstall delay_slot
	    14    0x00 0x00                                                                        NOPX

